../Core/Src/main.c:82:5:main	16	static
../Core/Src/main.c:137:6:SystemClock_Config	96	static
../Core/Src/main.c:198:13:MX_ADC1_Init	32	static
../Core/Src/main.c:269:13:MX_TIM2_Init	40	static
../Core/Src/main.c:314:13:MX_USART2_UART_Init	8	static
../Core/Src/main.c:347:13:MX_DMA_Init	16	static
../Core/Src/main.c:368:13:MX_GPIO_Init	40	static
../Core/Src/main.c:396:6:HAL_ADC_ConvCpltCallback	32	static
../Core/Src/main.c:414:6:HAL_UART_TxCpltCallback	16	static
../Core/Src/main.c:424:6:Error_Handler	4	static,ignoring_inline_asm
